Component: ARM Compiler 5.06 update 6 (build 750) Tool: armlink [4d35ed]

==============================================================================

Section Cross References

    startup_lpc17xx.o(RESET) refers to startup_lpc17xx.o(STACK) for __initial_sp
    startup_lpc17xx.o(RESET) refers to startup_lpc17xx.o(.text) for Reset_Handler
    startup_lpc17xx.o(RESET) refers to irq.o(.text) for SysTick_Handler
    startup_lpc17xx.o(RESET) refers to usbdmain.o(.text) for TIMER0_IRQHandler
    startup_lpc17xx.o(RESET) refers to usbhw.o(.text) for USB_IRQHandler
    startup_lpc17xx.o(.text) refers to system_lpc17xx.o(.text) for SystemInit
    startup_lpc17xx.o(.text) refers to entry.o(.ARM.Collect$$$$00000000) for __main
    system_lpc17xx.o(.text) refers to uldiv.o(.text) for __aeabi_uldivmod
    system_lpc17xx.o(.text) refers to system_lpc17xx.o(.data) for .data
    blinky.o(.text) refers to glcd_spi_lpc1700.o(.text) for GLCD_Clear
    blinky.o(.text) refers to kbd.o(.text) for get_button
    blinky.o(.text) refers to game_menu.o(.text) for restart_game_menu
    blinky.o(.text) refers to gallery.o(.text) for gallery
    blinky.o(.text) refers to usbdmain.o(.text) for mp3_player
    blinky.o(.text) refers to led.o(.text) for LED_Init
    irq.o(.text) refers to irq.o(.data) for .data
    glcd_spi_lpc1700.o(.text) refers to glcd_spi_lpc1700.o(.data) for .data
    glcd_spi_lpc1700.o(.text) refers to glcd_spi_lpc1700.o(.constdata) for .constdata
    led.o(.text) refers to led.o(.constdata) for .constdata
    usbcore.o(.text) refers to usbhw.o(.text) for USB_ReadEP
    usbcore.o(.text) refers to usbcore.o(i.USB_ReqGetStatus) for USB_ReqGetStatus
    usbcore.o(.text) refers to usbcore.o(i.USB_ReqSetClrFeature) for USB_ReqSetClrFeature
    usbcore.o(.text) refers to usbcore.o(i.USB_ReqGetDescriptor) for USB_ReqGetDescriptor
    usbcore.o(.text) refers to usbcore.o(i.USB_ReqSetConfiguration) for USB_ReqSetConfiguration
    usbcore.o(.text) refers to usbcore.o(i.USB_ReqSetInterface) for USB_ReqSetInterface
    usbcore.o(.text) refers to adcuser.o(.text) for ADC_IF_GetRequest
    usbcore.o(.text) refers to usbcore.o(.data) for .data
    usbcore.o(.text) refers to usbcore.o(.bss) for .bss
    usbdmain.o(.text) refers to kbd.o(.text) for get_button
    usbdmain.o(.text) refers to usbhw.o(.text) for USB_Connect
    usbdmain.o(.text) refers to system_lpc17xx.o(.text) for SystemClockUpdate
    usbdmain.o(.text) refers to glcd_spi_lpc1700.o(.text) for GLCD_Bitmap
    usbdmain.o(.text) refers to usbdmain.o(.data) for .data
    usbdmain.o(.text) refers to adcuser.o(.data) for VolCur
    usbdmain.o(.text) refers to system_lpc17xx.o(.data) for SystemFrequency
    usbdmain.o(.text) refers to usbdmain.o(.constdata) for .constdata
    usbhw.o(.text) refers to usbhw.o(.data) for .data
    usbhw.o(.text) refers to usbhw.o(.bss) for .bss
    usbhw.o(.text) refers to usbhw.o(USB_RAM) for USB_RAM
    usbhw.o(.text) refers to usbcore.o(.data) for USB_DeviceStatus
    usbhw.o(.text) refers to usbhw.o(.constdata) for .constdata
    usbhw.o(.text) refers to usbuser.o(.text) for USB_Reset_Event
    usbhw.o(.text) refers to usbuser.o(.constdata) for USB_P_EP
    usbuser.o(.text) refers to usbcore.o(.text) for USB_ResetCore
    usbuser.o(.text) refers to usbhw.o(.text) for USB_DMA_BufAdr
    usbuser.o(.text) refers to usbdmain.o(.data) for DataBuf
    usbuser.o(.text) refers to usbdmain.o(.data) for InfoBuf
    usbuser.o(.constdata) refers to usbcore.o(.text) for USB_EndPoint0
    usbuser.o(.constdata) refers to usbuser.o(.text) for USB_EndPoint3
    adcuser.o(.text) refers to usbcore.o(.data) for SetupPacket
    adcuser.o(.text) refers to usbcore.o(.bss) for EP0Buf
    adcuser.o(.text) refers to usbdmain.o(.data) for Mute
    adcuser.o(.text) refers to adcuser.o(.data) for .data
    gallery.o(.text) refers to glcd_spi_lpc1700.o(.text) for GLCD_Clear
    gallery.o(.text) refers to kbd.o(.text) for get_button
    gallery.o(.text) refers to sonic.o(.constdata) for SONIC_pixel_data
    gallery.o(.text) refers to steve.o(.constdata) for STEVE_pixel_data
    gallery.o(.text) refers to super_mario.o(.constdata) for SUPER_MARIO_pixel_data
    highway_dodge.o(.text) refers to glcd_spi_lpc1700.o(.text) for GLCD_Clear
    highway_dodge.o(.text) refers to printf6.o(i.__0sprintf$6) for __2sprintf
    highway_dodge.o(.text) refers to rand.o(.text) for rand
    highway_dodge.o(.text) refers to kbd.o(.text) for get_button
    highway_dodge.o(.text) refers to highway_dodge.o(.constdata) for .constdata
    grid_hunter.o(.text) refers to glcd_spi_lpc1700.o(.text) for GLCD_Clear
    grid_hunter.o(.text) refers to rand.o(.text) for rand
    grid_hunter.o(.text) refers to printf6.o(i.__0sprintf$6) for __2sprintf
    grid_hunter.o(.text) refers to kbd.o(.text) for get_button
    game_menu.o(.text) refers to glcd_spi_lpc1700.o(.text) for GLCD_Clear
    game_menu.o(.text) refers to kbd.o(.text) for get_button
    game_menu.o(.text) refers to grid_hunter.o(.text) for grid_hunter
    game_menu.o(.text) refers to highway_dodge.o(.text) for highway_dodge
    entry.o(.ARM.Collect$$$$00000000) refers (Special) to entry10a.o(.ARM.Collect$$$$0000000D) for __rt_final_cpp
    entry.o(.ARM.Collect$$$$00000000) refers (Special) to entry11a.o(.ARM.Collect$$$$0000000F) for __rt_final_exit
    entry.o(.ARM.Collect$$$$00000000) refers (Special) to entry7b.o(.ARM.Collect$$$$00000008) for _main_clock
    entry.o(.ARM.Collect$$$$00000000) refers (Special) to entry8b.o(.ARM.Collect$$$$0000000A) for _main_cpp_init
    entry.o(.ARM.Collect$$$$00000000) refers (Special) to entry9a.o(.ARM.Collect$$$$0000000B) for _main_init
    entry.o(.ARM.Collect$$$$00000000) refers (Special) to entry5.o(.ARM.Collect$$$$00000004) for _main_scatterload
    entry.o(.ARM.Collect$$$$00000000) refers (Special) to entry2.o(.ARM.Collect$$$$00000001) for _main_stk
    uldiv.o(.text) refers to llushr.o(.text) for __aeabi_llsr
    uldiv.o(.text) refers to llshl.o(.text) for __aeabi_llsl
    rand.o(.text) refers to rand.o(.data) for .data
    printfb.o(i.__0fprintf$bare) refers to printfb.o(i._printf_core) for _printf_core
    printfb.o(i.__0fprintf$bare) refers to fputc.o(i.fputc) for fputc
    printfb.o(i.__0printf$bare) refers to printfb.o(i._printf_core) for _printf_core
    printfb.o(i.__0printf$bare) refers to fputc.o(i.fputc) for fputc
    printfb.o(i.__0printf$bare) refers to stdout.o(.data) for __stdout
    printfb.o(i.__0snprintf$bare) refers to printfb.o(i._printf_core) for _printf_core
    printfb.o(i.__0snprintf$bare) refers to printfb.o(i._snputc) for _snputc
    printfb.o(i.__0sprintf$bare) refers to printfb.o(i._printf_core) for _printf_core
    printfb.o(i.__0sprintf$bare) refers to printfb.o(i._sputc) for _sputc
    printfb.o(i.__0vfprintf$bare) refers to printfb.o(i._printf_core) for _printf_core
    printfb.o(i.__0vfprintf$bare) refers to fputc.o(i.fputc) for fputc
    printfb.o(i.__0vprintf$bare) refers to printfb.o(i._printf_core) for _printf_core
    printfb.o(i.__0vprintf$bare) refers to fputc.o(i.fputc) for fputc
    printfb.o(i.__0vprintf$bare) refers to stdout.o(.data) for __stdout
    printfb.o(i.__0vsnprintf$bare) refers to printfb.o(i._printf_core) for _printf_core
    printfb.o(i.__0vsnprintf$bare) refers to printfb.o(i._snputc) for _snputc
    printfb.o(i.__0vsprintf$bare) refers to printfb.o(i._printf_core) for _printf_core
    printfb.o(i.__0vsprintf$bare) refers to printfb.o(i._sputc) for _sputc
    printf0.o(i.__0fprintf$0) refers to printf0.o(i._printf_core) for _printf_core
    printf0.o(i.__0fprintf$0) refers to fputc.o(i.fputc) for fputc
    printf0.o(i.__0printf$0) refers to printf0.o(i._printf_core) for _printf_core
    printf0.o(i.__0printf$0) refers to fputc.o(i.fputc) for fputc
    printf0.o(i.__0printf$0) refers to stdout.o(.data) for __stdout
    printf0.o(i.__0snprintf$0) refers to printf0.o(i._printf_core) for _printf_core
    printf0.o(i.__0snprintf$0) refers to printf0.o(i._snputc) for _snputc
    printf0.o(i.__0sprintf$0) refers to printf0.o(i._printf_core) for _printf_core
    printf0.o(i.__0sprintf$0) refers to printf0.o(i._sputc) for _sputc
    printf0.o(i.__0vfprintf$0) refers to printf0.o(i._printf_core) for _printf_core
    printf0.o(i.__0vfprintf$0) refers to fputc.o(i.fputc) for fputc
    printf0.o(i.__0vprintf$0) refers to printf0.o(i._printf_core) for _printf_core
    printf0.o(i.__0vprintf$0) refers to fputc.o(i.fputc) for fputc
    printf0.o(i.__0vprintf$0) refers to stdout.o(.data) for __stdout
    printf0.o(i.__0vsnprintf$0) refers to printf0.o(i._printf_core) for _printf_core
    printf0.o(i.__0vsnprintf$0) refers to printf0.o(i._snputc) for _snputc
    printf0.o(i.__0vsprintf$0) refers to printf0.o(i._printf_core) for _printf_core
    printf0.o(i.__0vsprintf$0) refers to printf0.o(i._sputc) for _sputc
    printf1.o(i.__0fprintf$1) refers to printf1.o(i._printf_core) for _printf_core
    printf1.o(i.__0fprintf$1) refers to fputc.o(i.fputc) for fputc
    printf1.o(i.__0printf$1) refers to printf1.o(i._printf_core) for _printf_core
    printf1.o(i.__0printf$1) refers to fputc.o(i.fputc) for fputc
    printf1.o(i.__0printf$1) refers to stdout.o(.data) for __stdout
    printf1.o(i.__0snprintf$1) refers to printf1.o(i._printf_core) for _printf_core
    printf1.o(i.__0snprintf$1) refers to printf1.o(i._snputc) for _snputc
    printf1.o(i.__0sprintf$1) refers to printf1.o(i._printf_core) for _printf_core
    printf1.o(i.__0sprintf$1) refers to printf1.o(i._sputc) for _sputc
    printf1.o(i.__0vfprintf$1) refers to printf1.o(i._printf_core) for _printf_core
    printf1.o(i.__0vfprintf$1) refers to fputc.o(i.fputc) for fputc
    printf1.o(i.__0vprintf$1) refers to printf1.o(i._printf_core) for _printf_core
    printf1.o(i.__0vprintf$1) refers to fputc.o(i.fputc) for fputc
    printf1.o(i.__0vprintf$1) refers to stdout.o(.data) for __stdout
    printf1.o(i.__0vsnprintf$1) refers to printf1.o(i._printf_core) for _printf_core
    printf1.o(i.__0vsnprintf$1) refers to printf1.o(i._snputc) for _snputc
    printf1.o(i.__0vsprintf$1) refers to printf1.o(i._printf_core) for _printf_core
    printf1.o(i.__0vsprintf$1) refers to printf1.o(i._sputc) for _sputc
    printf1.o(i._printf_core) refers to uidiv.o(.text) for __aeabi_uidivmod
    printf2.o(i.__0fprintf$2) refers to printf2.o(i._printf_core) for _printf_core
    printf2.o(i.__0fprintf$2) refers to fputc.o(i.fputc) for fputc
    printf2.o(i.__0printf$2) refers to printf2.o(i._printf_core) for _printf_core
    printf2.o(i.__0printf$2) refers to fputc.o(i.fputc) for fputc
    printf2.o(i.__0printf$2) refers to stdout.o(.data) for __stdout
    printf2.o(i.__0snprintf$2) refers to printf2.o(i._printf_core) for _printf_core
    printf2.o(i.__0snprintf$2) refers to printf2.o(i._snputc) for _snputc
    printf2.o(i.__0sprintf$2) refers to printf2.o(i._printf_core) for _printf_core
    printf2.o(i.__0sprintf$2) refers to printf2.o(i._sputc) for _sputc
    printf2.o(i.__0vfprintf$2) refers to printf2.o(i._printf_core) for _printf_core
    printf2.o(i.__0vfprintf$2) refers to fputc.o(i.fputc) for fputc
    printf2.o(i.__0vprintf$2) refers to printf2.o(i._printf_core) for _printf_core
    printf2.o(i.__0vprintf$2) refers to fputc.o(i.fputc) for fputc
    printf2.o(i.__0vprintf$2) refers to stdout.o(.data) for __stdout
    printf2.o(i.__0vsnprintf$2) refers to printf2.o(i._printf_core) for _printf_core
    printf2.o(i.__0vsnprintf$2) refers to printf2.o(i._snputc) for _snputc
    printf2.o(i.__0vsprintf$2) refers to printf2.o(i._printf_core) for _printf_core
    printf2.o(i.__0vsprintf$2) refers to printf2.o(i._sputc) for _sputc
    printf3.o(i.__0fprintf$3) refers to printf3.o(i._printf_core) for _printf_core
    printf3.o(i.__0fprintf$3) refers to fputc.o(i.fputc) for fputc
    printf3.o(i.__0printf$3) refers to printf3.o(i._printf_core) for _printf_core
    printf3.o(i.__0printf$3) refers to fputc.o(i.fputc) for fputc
    printf3.o(i.__0printf$3) refers to stdout.o(.data) for __stdout
    printf3.o(i.__0snprintf$3) refers to printf3.o(i._printf_core) for _printf_core
    printf3.o(i.__0snprintf$3) refers to printf3.o(i._snputc) for _snputc
    printf3.o(i.__0sprintf$3) refers to printf3.o(i._printf_core) for _printf_core
    printf3.o(i.__0sprintf$3) refers to printf3.o(i._sputc) for _sputc
    printf3.o(i.__0vfprintf$3) refers to printf3.o(i._printf_core) for _printf_core
    printf3.o(i.__0vfprintf$3) refers to fputc.o(i.fputc) for fputc
    printf3.o(i.__0vprintf$3) refers to printf3.o(i._printf_core) for _printf_core
    printf3.o(i.__0vprintf$3) refers to fputc.o(i.fputc) for fputc
    printf3.o(i.__0vprintf$3) refers to stdout.o(.data) for __stdout
    printf3.o(i.__0vsnprintf$3) refers to printf3.o(i._printf_core) for _printf_core
    printf3.o(i.__0vsnprintf$3) refers to printf3.o(i._snputc) for _snputc
    printf3.o(i.__0vsprintf$3) refers to printf3.o(i._printf_core) for _printf_core
    printf3.o(i.__0vsprintf$3) refers to printf3.o(i._sputc) for _sputc
    printf3.o(i._printf_core) refers to uidiv.o(.text) for __aeabi_uidivmod
    printf4.o(i.__0fprintf$4) refers to printf4.o(i._printf_core) for _printf_core
    printf4.o(i.__0fprintf$4) refers to fputc.o(i.fputc) for fputc
    printf4.o(i.__0printf$4) refers to printf4.o(i._printf_core) for _printf_core
    printf4.o(i.__0printf$4) refers to fputc.o(i.fputc) for fputc
    printf4.o(i.__0printf$4) refers to stdout.o(.data) for __stdout
    printf4.o(i.__0snprintf$4) refers to printf4.o(i._printf_core) for _printf_core
    printf4.o(i.__0snprintf$4) refers to printf4.o(i._snputc) for _snputc
    printf4.o(i.__0sprintf$4) refers to printf4.o(i._printf_core) for _printf_core
    printf4.o(i.__0sprintf$4) refers to printf4.o(i._sputc) for _sputc
    printf4.o(i.__0vfprintf$4) refers to printf4.o(i._printf_core) for _printf_core
    printf4.o(i.__0vfprintf$4) refers to fputc.o(i.fputc) for fputc
    printf4.o(i.__0vprintf$4) refers to printf4.o(i._printf_core) for _printf_core
    printf4.o(i.__0vprintf$4) refers to fputc.o(i.fputc) for fputc
    printf4.o(i.__0vprintf$4) refers to stdout.o(.data) for __stdout
    printf4.o(i.__0vsnprintf$4) refers to printf4.o(i._printf_core) for _printf_core
    printf4.o(i.__0vsnprintf$4) refers to printf4.o(i._snputc) for _snputc
    printf4.o(i.__0vsprintf$4) refers to printf4.o(i._printf_core) for _printf_core
    printf4.o(i.__0vsprintf$4) refers to printf4.o(i._sputc) for _sputc
    printf4.o(i._printf_core) refers to uldiv.o(.text) for __aeabi_uldivmod
    printf5.o(i.__0fprintf$5) refers to printf5.o(i._printf_core) for _printf_core
    printf5.o(i.__0fprintf$5) refers to fputc.o(i.fputc) for fputc
    printf5.o(i.__0printf$5) refers to printf5.o(i._printf_core) for _printf_core
    printf5.o(i.__0printf$5) refers to fputc.o(i.fputc) for fputc
    printf5.o(i.__0printf$5) refers to stdout.o(.data) for __stdout
    printf5.o(i.__0snprintf$5) refers to printf5.o(i._printf_core) for _printf_core
    printf5.o(i.__0snprintf$5) refers to printf5.o(i._snputc) for _snputc
    printf5.o(i.__0sprintf$5) refers to printf5.o(i._printf_core) for _printf_core
    printf5.o(i.__0sprintf$5) refers to printf5.o(i._sputc) for _sputc
    printf5.o(i.__0vfprintf$5) refers to printf5.o(i._printf_core) for _printf_core
    printf5.o(i.__0vfprintf$5) refers to fputc.o(i.fputc) for fputc
    printf5.o(i.__0vprintf$5) refers to printf5.o(i._printf_core) for _printf_core
    printf5.o(i.__0vprintf$5) refers to fputc.o(i.fputc) for fputc
    printf5.o(i.__0vprintf$5) refers to stdout.o(.data) for __stdout
    printf5.o(i.__0vsnprintf$5) refers to printf5.o(i._printf_core) for _printf_core
    printf5.o(i.__0vsnprintf$5) refers to printf5.o(i._snputc) for _snputc
    printf5.o(i.__0vsprintf$5) refers to printf5.o(i._printf_core) for _printf_core
    printf5.o(i.__0vsprintf$5) refers to printf5.o(i._sputc) for _sputc
    printf5.o(i._printf_core) refers to uldiv.o(.text) for __aeabi_uldivmod
    printf6.o(i.__0fprintf$6) refers to printf6.o(i._printf_core) for _printf_core
    printf6.o(i.__0fprintf$6) refers to fputc.o(i.fputc) for fputc
    printf6.o(i.__0printf$6) refers to printf6.o(i._printf_core) for _printf_core
    printf6.o(i.__0printf$6) refers to fputc.o(i.fputc) for fputc
    printf6.o(i.__0printf$6) refers to stdout.o(.data) for __stdout
    printf6.o(i.__0snprintf$6) refers to printf6.o(i._printf_core) for _printf_core
    printf6.o(i.__0snprintf$6) refers to printf6.o(i._snputc) for _snputc
    printf6.o(i.__0sprintf$6) refers to printf6.o(i._printf_core) for _printf_core
    printf6.o(i.__0sprintf$6) refers to printf6.o(i._sputc) for _sputc
    printf6.o(i.__0vfprintf$6) refers to printf6.o(i._printf_core) for _printf_core
    printf6.o(i.__0vfprintf$6) refers to fputc.o(i.fputc) for fputc
    printf6.o(i.__0vprintf$6) refers to printf6.o(i._printf_core) for _printf_core
    printf6.o(i.__0vprintf$6) refers to fputc.o(i.fputc) for fputc
    printf6.o(i.__0vprintf$6) refers to stdout.o(.data) for __stdout
    printf6.o(i.__0vsnprintf$6) refers to printf6.o(i._printf_core) for _printf_core
    printf6.o(i.__0vsnprintf$6) refers to printf6.o(i._snputc) for _snputc
    printf6.o(i.__0vsprintf$6) refers to printf6.o(i._printf_core) for _printf_core
    printf6.o(i.__0vsprintf$6) refers to printf6.o(i._sputc) for _sputc
    printf6.o(i._printf_core) refers to printf6.o(i._printf_pre_padding) for _printf_pre_padding
    printf6.o(i._printf_core) refers to uidiv.o(.text) for __aeabi_uidivmod
    printf6.o(i._printf_core) refers to printf6.o(i._printf_post_padding) for _printf_post_padding
    printf7.o(i.__0fprintf$7) refers to printf7.o(i._printf_core) for _printf_core
    printf7.o(i.__0fprintf$7) refers to fputc.o(i.fputc) for fputc
    printf7.o(i.__0printf$7) refers to printf7.o(i._printf_core) for _printf_core
    printf7.o(i.__0printf$7) refers to fputc.o(i.fputc) for fputc
    printf7.o(i.__0printf$7) refers to stdout.o(.data) for __stdout
    printf7.o(i.__0snprintf$7) refers to printf7.o(i._printf_core) for _printf_core
    printf7.o(i.__0snprintf$7) refers to printf7.o(i._snputc) for _snputc
    printf7.o(i.__0sprintf$7) refers to printf7.o(i._printf_core) for _printf_core
    printf7.o(i.__0sprintf$7) refers to printf7.o(i._sputc) for _sputc
    printf7.o(i.__0vfprintf$7) refers to printf7.o(i._printf_core) for _printf_core
    printf7.o(i.__0vfprintf$7) refers to fputc.o(i.fputc) for fputc
    printf7.o(i.__0vprintf$7) refers to printf7.o(i._printf_core) for _printf_core
    printf7.o(i.__0vprintf$7) refers to fputc.o(i.fputc) for fputc
    printf7.o(i.__0vprintf$7) refers to stdout.o(.data) for __stdout
    printf7.o(i.__0vsnprintf$7) refers to printf7.o(i._printf_core) for _printf_core
    printf7.o(i.__0vsnprintf$7) refers to printf7.o(i._snputc) for _snputc
    printf7.o(i.__0vsprintf$7) refers to printf7.o(i._printf_core) for _printf_core
    printf7.o(i.__0vsprintf$7) refers to printf7.o(i._sputc) for _sputc
    printf7.o(i._printf_core) refers to printf7.o(i._printf_pre_padding) for _printf_pre_padding
    printf7.o(i._printf_core) refers to uldiv.o(.text) for __aeabi_uldivmod
    printf7.o(i._printf_core) refers to printf7.o(i._printf_post_padding) for _printf_post_padding
    printf8.o(i.__0fprintf$8) refers to printf8.o(i._printf_core) for _printf_core
    printf8.o(i.__0fprintf$8) refers to fputc.o(i.fputc) for fputc
    printf8.o(i.__0printf$8) refers to printf8.o(i._printf_core) for _printf_core
    printf8.o(i.__0printf$8) refers to fputc.o(i.fputc) for fputc
    printf8.o(i.__0printf$8) refers to stdout.o(.data) for __stdout
    printf8.o(i.__0snprintf$8) refers to printf8.o(i._printf_core) for _printf_core
    printf8.o(i.__0snprintf$8) refers to printf8.o(i._snputc) for _snputc
    printf8.o(i.__0sprintf$8) refers to printf8.o(i._printf_core) for _printf_core
    printf8.o(i.__0sprintf$8) refers to printf8.o(i._sputc) for _sputc
    printf8.o(i.__0vfprintf$8) refers to printf8.o(i._printf_core) for _printf_core
    printf8.o(i.__0vfprintf$8) refers to fputc.o(i.fputc) for fputc
    printf8.o(i.__0vprintf$8) refers to printf8.o(i._printf_core) for _printf_core
    printf8.o(i.__0vprintf$8) refers to fputc.o(i.fputc) for fputc
    printf8.o(i.__0vprintf$8) refers to stdout.o(.data) for __stdout
    printf8.o(i.__0vsnprintf$8) refers to printf8.o(i._printf_core) for _printf_core
    printf8.o(i.__0vsnprintf$8) refers to printf8.o(i._snputc) for _snputc
    printf8.o(i.__0vsprintf$8) refers to printf8.o(i._printf_core) for _printf_core
    printf8.o(i.__0vsprintf$8) refers to printf8.o(i._sputc) for _sputc
    printf8.o(i._printf_core) refers to printf8.o(i._printf_pre_padding) for _printf_pre_padding
    printf8.o(i._printf_core) refers to uldiv.o(.text) for __aeabi_uldivmod
    printf8.o(i._printf_core) refers to printf8.o(i._printf_post_padding) for _printf_post_padding
    printfa.o(i.__0fprintf) refers (Special) to iusefp.o(.text) for __I$use$fp
    printfa.o(i.__0fprintf) refers to printfa.o(i._printf_core) for _printf_core
    printfa.o(i.__0fprintf) refers to fputc.o(i.fputc) for fputc
    printfa.o(i.__0printf) refers (Special) to iusefp.o(.text) for __I$use$fp
    printfa.o(i.__0printf) refers to printfa.o(i._printf_core) for _printf_core
    printfa.o(i.__0printf) refers to fputc.o(i.fputc) for fputc
    printfa.o(i.__0printf) refers to stdout.o(.data) for __stdout
    printfa.o(i.__0snprintf) refers (Special) to iusefp.o(.text) for __I$use$fp
    printfa.o(i.__0snprintf) refers to printfa.o(i._printf_core) for _printf_core
    printfa.o(i.__0snprintf) refers to printfa.o(i._snputc) for _snputc
    printfa.o(i.__0sprintf) refers (Special) to iusefp.o(.text) for __I$use$fp
    printfa.o(i.__0sprintf) refers to printfa.o(i._printf_core) for _printf_core
    printfa.o(i.__0sprintf) refers to printfa.o(i._sputc) for _sputc
    printfa.o(i.__0vfprintf) refers (Special) to iusefp.o(.text) for __I$use$fp
    printfa.o(i.__0vfprintf) refers to printfa.o(i._printf_core) for _printf_core
    printfa.o(i.__0vfprintf) refers to fputc.o(i.fputc) for fputc
    printfa.o(i.__0vprintf) refers (Special) to iusefp.o(.text) for __I$use$fp
    printfa.o(i.__0vprintf) refers to printfa.o(i._printf_core) for _printf_core
    printfa.o(i.__0vprintf) refers to fputc.o(i.fputc) for fputc
    printfa.o(i.__0vprintf) refers to stdout.o(.data) for __stdout
    printfa.o(i.__0vsnprintf) refers (Special) to iusefp.o(.text) for __I$use$fp
    printfa.o(i.__0vsnprintf) refers to printfa.o(i._printf_core) for _printf_core
    printfa.o(i.__0vsnprintf) refers to printfa.o(i._snputc) for _snputc
    printfa.o(i.__0vsprintf) refers (Special) to iusefp.o(.text) for __I$use$fp
    printfa.o(i.__0vsprintf) refers to printfa.o(i._printf_core) for _printf_core
    printfa.o(i.__0vsprintf) refers to printfa.o(i._sputc) for _sputc
    printfa.o(i._fp_digits) refers (Special) to iusefp.o(.text) for __I$use$fp
    printfa.o(i._fp_digits) refers to dmul.o(.text) for __aeabi_dmul
    printfa.o(i._fp_digits) refers to ddiv.o(.text) for __aeabi_ddiv
    printfa.o(i._fp_digits) refers to cdrcmple.o(.text) for __aeabi_cdrcmple
    printfa.o(i._fp_digits) refers to dadd.o(.text) for __aeabi_dadd
    printfa.o(i._fp_digits) refers to dfixul.o(.text) for __aeabi_d2ulz
    printfa.o(i._fp_digits) refers to uldiv.o(.text) for __aeabi_uldivmod
    printfa.o(i._printf_core) refers (Special) to iusefp.o(.text) for __I$use$fp
    printfa.o(i._printf_core) refers to printfa.o(i._printf_pre_padding) for _printf_pre_padding
    printfa.o(i._printf_core) refers to uldiv.o(.text) for __aeabi_uldivmod
    printfa.o(i._printf_core) refers to printfa.o(i._printf_post_padding) for _printf_post_padding
    printfa.o(i._printf_core) refers to printfa.o(i._fp_digits) for _fp_digits
    printfa.o(i._printf_core) refers to uidiv.o(.text) for __aeabi_uidivmod
    printfa.o(i._printf_post_padding) refers (Special) to iusefp.o(.text) for __I$use$fp
    printfa.o(i._printf_pre_padding) refers (Special) to iusefp.o(.text) for __I$use$fp
    printfa.o(i._snputc) refers (Special) to iusefp.o(.text) for __I$use$fp
    printfa.o(i._sputc) refers (Special) to iusefp.o(.text) for __I$use$fp
    entry2.o(.ARM.Collect$$$$00000001) refers to entry2.o(.ARM.Collect$$$$00002712) for __lit__00000000
    entry2.o(.ARM.Collect$$$$00002712) refers to startup_lpc17xx.o(STACK) for __initial_sp
    entry2.o(__vectab_stack_and_reset_area) refers to startup_lpc17xx.o(STACK) for __initial_sp
    entry2.o(__vectab_stack_and_reset_area) refers to entry.o(.ARM.Collect$$$$00000000) for __main
    entry5.o(.ARM.Collect$$$$00000004) refers to init.o(.text) for __scatterload
    entry9a.o(.ARM.Collect$$$$0000000B) refers to blinky.o(.text) for main
    entry9b.o(.ARM.Collect$$$$0000000C) refers to blinky.o(.text) for main
    fputc.o(i.fputc) refers (Special) to iusesemip.o(.text) for __I$use$semihosting$fputc
    fputc.o(i.fputc) refers (Special) to semi.o(.text) for __semihosting_library_function
    dadd.o(.text) refers to llshl.o(.text) for __aeabi_llsl
    dadd.o(.text) refers to llsshr.o(.text) for __aeabi_lasr
    dadd.o(.text) refers to depilogue.o(.text) for _double_epilogue
    dmul.o(.text) refers to depilogue.o(.text) for _double_epilogue
    ddiv.o(.text) refers to depilogue.o(.text) for _double_round
    dfixul.o(.text) refers to llushr.o(.text) for __aeabi_llsr
    dfixul.o(.text) refers to llshl.o(.text) for __aeabi_llsl
    init.o(.text) refers to entry5.o(.ARM.Collect$$$$00000004) for __main_after_scatterload
    depilogue.o(.text) refers to llshl.o(.text) for __aeabi_llsl
    depilogue.o(.text) refers to llushr.o(.text) for __aeabi_llsr
    usbcore.o(i.USB_ReqSetClrFeature) refers to usbhw.o(.text) for USB_WakeUpCfg
    usbcore.o(i.USB_ReqSetClrFeature) refers to usbcore.o(.data) for .data
    usbcore.o(i.USB_ReqSetConfiguration) refers to usbhw.o(.text) for USB_DisableEP
    usbcore.o(i.USB_ReqSetConfiguration) refers to usbcore.o(.data) for .data
    usbcore.o(i.USB_ReqSetConfiguration) refers to usbdesc.o(.constdata) for USB_ConfigDescriptor
    usbcore.o(i.USB_ReqSetInterface) refers to usbhw.o(.text) for USB_ConfigEP
    usbcore.o(i.USB_ReqSetInterface) refers to usbcore.o(.data) for .data
    usbcore.o(i.USB_ReqSetInterface) refers to usbdesc.o(.constdata) for USB_ConfigDescriptor
    usbcore.o(i.USB_ReqGetStatus) refers to usbcore.o(.data) for .data
    usbcore.o(i.USB_ReqGetStatus) refers to usbcore.o(.bss) for .bss
    usbcore.o(i.USB_ReqGetDescriptor) refers to usbcore.o(.data) for .data
    usbcore.o(i.USB_ReqGetDescriptor) refers to usbdesc.o(.constdata) for USB_DeviceDescriptor
    usbcore.o(i.USB_ReqGetDescriptor) refers to usbdesc.o(.constdata) for USB_ConfigDescriptor
    usbcore.o(i.USB_ReqGetDescriptor) refers to usbdesc.o(.constdata) for USB_StringDescriptor


==============================================================================

Removing Unused input sections from the image.

    Removing startup_lpc17xx.o(HEAP), (0 bytes).
    Removing core_cm3.o(.emb_text), (32 bytes).
    Removing usbhw.o(USB_RAM), (256 bytes).
    Removing usbhw.o(USB_RAM), (160 bytes).
    Removing adcuser.o(.constdata), (2 bytes).
    Removing adcuser.o(.constdata), (2 bytes).
    Removing adcuser.o(.constdata), (2 bytes).
    Removing kbd.o(.data), (4 bytes).
    Removing dadd.o(.text), (334 bytes).
    Removing dmul.o(.text), (228 bytes).
    Removing ddiv.o(.text), (222 bytes).
    Removing dfixul.o(.text), (48 bytes).
    Removing cdrcmple.o(.text), (48 bytes).
    Removing depilogue.o(.text), (186 bytes).

14 unused section(s) (total 1524 bytes) removed from the image.

==============================================================================

Image Symbol Table

    Local Symbols

    Symbol Name                              Value     Ov Type        Size  Object(Section)

    RESET                                    0x00000000   Section      204  startup_lpc17xx.o(RESET)
    ../clib/microlib/division.c              0x00000000   Number         0  uidiv.o ABSOLUTE
    ../clib/microlib/division.c              0x00000000   Number         0  uldiv.o ABSOLUTE
    ../clib/microlib/init/entry.s            0x00000000   Number         0  entry2.o ABSOLUTE
    ../clib/microlib/init/entry.s            0x00000000   Number         0  entry11b.o ABSOLUTE
    ../clib/microlib/init/entry.s            0x00000000   Number         0  entry.o ABSOLUTE
    ../clib/microlib/init/entry.s            0x00000000   Number         0  entry8b.o ABSOLUTE
    ../clib/microlib/init/entry.s            0x00000000   Number         0  entry9a.o ABSOLUTE
    ../clib/microlib/init/entry.s            0x00000000   Number         0  entry9b.o ABSOLUTE
    ../clib/microlib/init/entry.s            0x00000000   Number         0  entry5.o ABSOLUTE
    ../clib/microlib/init/entry.s            0x00000000   Number         0  entry7a.o ABSOLUTE
    ../clib/microlib/init/entry.s            0x00000000   Number         0  entry7b.o ABSOLUTE
    ../clib/microlib/init/entry.s            0x00000000   Number         0  entry10b.o ABSOLUTE
    ../clib/microlib/init/entry.s            0x00000000   Number         0  entry11a.o ABSOLUTE
    ../clib/microlib/init/entry.s            0x00000000   Number         0  entry10a.o ABSOLUTE
    ../clib/microlib/init/entry.s            0x00000000   Number         0  entry8a.o ABSOLUTE
    ../clib/microlib/longlong.c              0x00000000   Number         0  llsshr.o ABSOLUTE
    ../clib/microlib/longlong.c              0x00000000   Number         0  llshl.o ABSOLUTE
    ../clib/microlib/longlong.c              0x00000000   Number         0  llushr.o ABSOLUTE
    ../clib/microlib/printf/printf.c         0x00000000   Number         0  printf8.o ABSOLUTE
    ../clib/microlib/printf/printf.c         0x00000000   Number         0  printfa.o ABSOLUTE
    ../clib/microlib/printf/printf.c         0x00000000   Number         0  printf2.o ABSOLUTE
    ../clib/microlib/printf/printf.c         0x00000000   Number         0  printf0.o ABSOLUTE
    ../clib/microlib/printf/printf.c         0x00000000   Number         0  printfb.o ABSOLUTE
    ../clib/microlib/printf/printf.c         0x00000000   Number         0  printf4.o ABSOLUTE
    ../clib/microlib/printf/printf.c         0x00000000   Number         0  printf7.o ABSOLUTE
    ../clib/microlib/printf/printf.c         0x00000000   Number         0  printf6.o ABSOLUTE
    ../clib/microlib/printf/printf.c         0x00000000   Number         0  printf1.o ABSOLUTE
    ../clib/microlib/printf/printf.c         0x00000000   Number         0  printf5.o ABSOLUTE
    ../clib/microlib/printf/printf.c         0x00000000   Number         0  printf3.o ABSOLUTE
    ../clib/microlib/printf/stubs.s          0x00000000   Number         0  stubs.o ABSOLUTE
    ../clib/microlib/stdio/fputc.c           0x00000000   Number         0  fputc.o ABSOLUTE
    ../clib/microlib/stdio/semi.s            0x00000000   Number         0  semi.o ABSOLUTE
    ../clib/microlib/stdio/streams.c         0x00000000   Number         0  stdout.o ABSOLUTE
    ../clib/microlib/stdlib/rand.c           0x00000000   Number         0  rand.o ABSOLUTE
    ../clib/microlib/stubs.s                 0x00000000   Number         0  iusesemip.o ABSOLUTE
    ../clib/microlib/stubs.s                 0x00000000   Number         0  iusefp.o ABSOLUTE
    ../fplib/microlib/fpadd.c                0x00000000   Number         0  dadd.o ABSOLUTE
    ../fplib/microlib/fpdiv.c                0x00000000   Number         0  ddiv.o ABSOLUTE
    ../fplib/microlib/fpepilogue.c           0x00000000   Number         0  depilogue.o ABSOLUTE
    ../fplib/microlib/fpfix.c                0x00000000   Number         0  dfixul.o ABSOLUTE
    ../fplib/microlib/fpmul.c                0x00000000   Number         0  dmul.o ABSOLUTE
    Blinky.c                                 0x00000000   Number         0  blinky.o ABSOLUTE
    GLCD_SPI_LPC1700.c                       0x00000000   Number         0  glcd_spi_lpc1700.o ABSOLUTE
    IRQ.c                                    0x00000000   Number         0  irq.o ABSOLUTE
    KBD.c                                    0x00000000   Number         0  kbd.o ABSOLUTE
    LED.c                                    0x00000000   Number         0  led.o ABSOLUTE
    adcuser.c                                0x00000000   Number         0  adcuser.o ABSOLUTE
    cdrcmple.s                               0x00000000   Number         0  cdrcmple.o ABSOLUTE
    core_cm3.c                               0x00000000   Number         0  core_cm3.o ABSOLUTE
    core_cm3.c                               0x00000000   Number         0  core_cm3.o ABSOLUTE
    dc.s                                     0x00000000   Number         0  dc.o ABSOLUTE
    gallery.c                                0x00000000   Number         0  gallery.o ABSOLUTE
    game_menu.c                              0x00000000   Number         0  game_menu.o ABSOLUTE
    grid_hunter.c                            0x00000000   Number         0  grid_hunter.o ABSOLUTE
    handlers.s                               0x00000000   Number         0  handlers.o ABSOLUTE
    highway_dodge.c                          0x00000000   Number         0  highway_dodge.o ABSOLUTE
    init.s                                   0x00000000   Number         0  init.o ABSOLUTE
    sonic.c                                  0x00000000   Number         0  sonic.o ABSOLUTE
    splash_screen.c                          0x00000000   Number         0  splash_screen.o ABSOLUTE
    startup_LPC17xx.s                        0x00000000   Number         0  startup_lpc17xx.o ABSOLUTE
    steve.c                                  0x00000000   Number         0  steve.o ABSOLUTE
    super_mario.c                            0x00000000   Number         0  super_mario.o ABSOLUTE
    system_LPC17xx.c                         0x00000000   Number         0  system_lpc17xx.o ABSOLUTE
    usbcore.c                                0x00000000   Number         0  usbcore.o ABSOLUTE
    usbdesc.c                                0x00000000   Number         0  usbdesc.o ABSOLUTE
    usbdmain.c                               0x00000000   Number         0  usbdmain.o ABSOLUTE
    usbhw.c                                  0x00000000   Number         0  usbhw.o ABSOLUTE
    usbuser.c                                0x00000000   Number         0  usbuser.o ABSOLUTE
    .ARM.Collect$$$$00000000                 0x000000cc   Section        0  entry.o(.ARM.Collect$$$$00000000)
    .ARM.Collect$$$$00000001                 0x000000cc   Section        4  entry2.o(.ARM.Collect$$$$00000001)
    .ARM.Collect$$$$00000004                 0x000000d0   Section        4  entry5.o(.ARM.Collect$$$$00000004)
    .ARM.Collect$$$$00000008                 0x000000d4   Section        0  entry7b.o(.ARM.Collect$$$$00000008)
    .ARM.Collect$$$$0000000A                 0x000000d4   Section        0  entry8b.o(.ARM.Collect$$$$0000000A)
    .ARM.Collect$$$$0000000B                 0x000000d4   Section        8  entry9a.o(.ARM.Collect$$$$0000000B)
    .ARM.Collect$$$$0000000D                 0x000000dc   Section        0  entry10a.o(.ARM.Collect$$$$0000000D)
    .ARM.Collect$$$$0000000F                 0x000000dc   Section        0  entry11a.o(.ARM.Collect$$$$0000000F)
    .ARM.Collect$$$$00002712                 0x000000dc   Section        4  entry2.o(.ARM.Collect$$$$00002712)
    __lit__00000000                          0x000000dc   Data           4  entry2.o(.ARM.Collect$$$$00002712)
    .text                                    0x000000e0   Section       36  startup_lpc17xx.o(.text)
    .text                                    0x00000104   Section        0  irq.o(.text)
    .text                                    0x0000013c   Section        0  led.o(.text)
    .text                                    0x000001c4   Section        0  usbuser.o(.text)
    .text                                    0x00000270   Section        0  kbd.o(.text)
    .text                                    0x000002bc   Section        0  rand.o(.text)
    i.__scatterload_copy                     0x000002e0   Section       14  handlers.o(i.__scatterload_copy)
    i.__scatterload_null                     0x000002ee   Section        2  handlers.o(i.__scatterload_null)
    i._sputc                                 0x000002f0   Section        0  printf6.o(i._sputc)
    _sputc                                   0x000002f1   Thumb Code    10  printf6.o(i._sputc)
    .ARM.__at_0x02FC                         0x000002fc   Section        4  startup_lpc17xx.o(.ARM.__at_0x02FC)
    .text                                    0x00000300   Section        0  system_lpc17xx.o(.text)
    .text                                    0x00000554   Section        0  blinky.o(.text)
    .text                                    0x00000760   Section        0  glcd_spi_lpc1700.o(.text)
    spi_tran_man                             0x00000761   Thumb Code   106  glcd_spi_lpc1700.o(.text)
    delay                                    0x000010bb   Thumb Code     8  glcd_spi_lpc1700.o(.text)
    spi_tran                                 0x000010c3   Thumb Code    16  glcd_spi_lpc1700.o(.text)
    wr_cmd                                   0x000010d3   Thumb Code    32  glcd_spi_lpc1700.o(.text)
    wr_dat                                   0x000010f3   Thumb Code    32  glcd_spi_lpc1700.o(.text)
    wr_dat_start                             0x00001113   Thumb Code    10  glcd_spi_lpc1700.o(.text)
    wr_dat_only                              0x0000111d   Thumb Code    18  glcd_spi_lpc1700.o(.text)
    wr_reg                                   0x0000112f   Thumb Code    16  glcd_spi_lpc1700.o(.text)
    rd_id_man                                0x0000113f   Thumb Code   130  glcd_spi_lpc1700.o(.text)
    .text                                    0x000011c0   Section        0  usbcore.o(.text)
    .text                                    0x000013fc   Section        0  usbdmain.o(.text)
    NVIC_DisableIRQ                          0x000015a9   Thumb Code    22  usbdmain.o(.text)
    .text                                    0x00001620   Section        0  usbhw.o(.text)
    .text                                    0x00001cbc   Section        0  adcuser.o(.text)
    .text                                    0x00001d68   Section        0  gallery.o(.text)
    .text                                    0x00001e64   Section        0  highway_dodge.o(.text)
    draw_player                              0x0000210b   Thumb Code    34  highway_dodge.o(.text)
    erase_player                             0x0000212d   Thumb Code    28  highway_dodge.o(.text)
    draw_obstacle                            0x00002149   Thumb Code    44  highway_dodge.o(.text)
    .text                                    0x00002228   Section        0  grid_hunter.o(.text)
    play_grid_hunter                         0x00002229   Thumb Code   660  grid_hunter.o(.text)
    grid_hunter_game_over                    0x000024bd   Thumb Code   250  grid_hunter.o(.text)
    cursor_delay                             0x000025c9   Thumb Code    28  grid_hunter.o(.text)
    get_ln_pos                               0x000025e5   Thumb Code    18  grid_hunter.o(.text)
    get_col_pos                              0x000025f7   Thumb Code    18  grid_hunter.o(.text)
    draw_grid                                0x00002609   Thumb Code   344  grid_hunter.o(.text)
    draw_cursor                              0x00002761   Thumb Code     8  grid_hunter.o(.text)
    erase_cursor                             0x00002769   Thumb Code     8  grid_hunter.o(.text)
    .text                                    0x00002770   Section        0  game_menu.o(.text)
    .text                                    0x0000292c   Section        0  uldiv.o(.text)
    .text                                    0x0000298e   Section        0  uidiv.o(.text)
    .text                                    0x000029ba   Section        0  llshl.o(.text)
    .text                                    0x000029d8   Section        0  llushr.o(.text)
    .text                                    0x000029f8   Section       36  init.o(.text)
    i.USB_ReqGetDescriptor                   0x00002a1c   Section        0  usbcore.o(i.USB_ReqGetDescriptor)
    i.USB_ReqGetStatus                       0x00002aa4   Section        0  usbcore.o(i.USB_ReqGetStatus)
    i.USB_ReqSetClrFeature                   0x00002b20   Section        0  usbcore.o(i.USB_ReqSetClrFeature)
    i.USB_ReqSetConfiguration                0x00002bb8   Section        0  usbcore.o(i.USB_ReqSetConfiguration)
    i.USB_ReqSetInterface                    0x00002d18   Section        0  usbcore.o(i.USB_ReqSetInterface)
    i.__0sprintf$6                           0x00002e18   Section        0  printf6.o(i.__0sprintf$6)
    i.__scatterload_zeroinit                 0x00002e40   Section       14  handlers.o(i.__scatterload_zeroinit)
    i._printf_core                           0x00002e50   Section        0  printf6.o(i._printf_core)
    _printf_core                             0x00002e51   Thumb Code   748  printf6.o(i._printf_core)
    i._printf_post_padding                   0x00003140   Section        0  printf6.o(i._printf_post_padding)
    _printf_post_padding                     0x00003141   Thumb Code    36  printf6.o(i._printf_post_padding)
    i._printf_pre_padding                    0x00003164   Section        0  printf6.o(i._printf_pre_padding)
    _printf_pre_padding                      0x00003165   Thumb Code    46  printf6.o(i._printf_pre_padding)
    .constdata                               0x00003192   Section     6272  glcd_spi_lpc1700.o(.constdata)
    .constdata                               0x00004a14   Section       32  led.o(.constdata)
    .constdata                               0x00004a34   Section       18  usbdesc.o(.constdata)
    .constdata                               0x00004a46   Section      110  usbdesc.o(.constdata)
    .constdata                               0x00004ab4   Section      100  usbdesc.o(.constdata)
    .constdata                               0x00004b18   Section    102601  usbdmain.o(.constdata)
    SPLASH_pixel_data                        0x00004b18   Data       102601  usbdmain.o(.constdata)
    .constdata                               0x0001dbe4   Section       16  usbhw.o(.constdata)
    .constdata                               0x0001dbf4   Section       64  usbuser.o(.constdata)
    .constdata                               0x0001dc34   Section       12  highway_dodge.o(.constdata)
    .constdata                               0x0001dc40   Section    25001  super_mario.o(.constdata)
    .constdata                               0x00023de9   Section    25001  sonic.o(.constdata)
    .constdata                               0x00029f92   Section    25001  steve.o(.constdata)
    STACK                                    0x10000000   Section      512  startup_lpc17xx.o(STACK)
    .data                                    0x2007c000   Section        8  system_lpc17xx.o(.data)
    .data                                    0x2007c008   Section        8  irq.o(.data)
    .data                                    0x2007c010   Section        6  glcd_spi_lpc1700.o(.data)
    Himax                                    0x2007c010   Data           1  glcd_spi_lpc1700.o(.data)
    Color                                    0x2007c012   Data           4  glcd_spi_lpc1700.o(.data)
    .data                                    0x2007c018   Section       40  usbcore.o(.data)
    .data                                    0x2007c040   Section        4  usbdmain.o(.data)
    .data                                    0x2007c044   Section       28  usbdmain.o(.data)
    .data                                    0x2007c060   Section        8  usbhw.o(.data)
    .data                                    0x2007c068   Section        2  adcuser.o(.data)
    .data                                    0x2007c06c   Section        4  rand.o(.data)
    _rand_state                              0x2007c06c   Data           4  rand.o(.data)
    .bss                                     0x2007c070   Section       64  usbcore.o(.bss)
    .bss                                     0x2007c0b0   Section      128  usbhw.o(.bss)
    USB_RAM                                  0x2007c130   Section      128  usbhw.o(USB_RAM)

    Global Symbols

    Symbol Name                              Value     Ov Type        Size  Object(Section)

    BuildAttributes$$THM_ISAv4$P$D$K$B$S$PE$A:L22UL41UL21$X:L11$S22US41US21$IEEE1$IW$USESV6$~STKCKD$USESV7$~SHL$OSPACE$ROPI$EBA8$MICROLIB$REQ8$PRES8$EABIv2 0x00000000   Number         0  anon$$obj.o ABSOLUTE
    __ARM_use_no_argv                        0x00000000   Number         0  blinky.o ABSOLUTE
    __Vectors                                0x00000000   Data           4  startup_lpc17xx.o(RESET)
    _printf_a                                0x00000000   Number         0  stubs.o ABSOLUTE
    _printf_c                                0x00000000   Number         0  stubs.o ABSOLUTE
    _printf_charcount                        0x00000000   Number         0  stubs.o ABSOLUTE
    _printf_d                                0x00000000   Number         0  stubs.o ABSOLUTE
    _printf_e                                0x00000000   Number         0  stubs.o ABSOLUTE
    _printf_f                                0x00000000   Number         0  stubs.o ABSOLUTE
    _printf_flags                            0x00000000   Number         0  stubs.o ABSOLUTE
    _printf_fp_dec                           0x00000000   Number         0  stubs.o ABSOLUTE
    _printf_fp_hex                           0x00000000   Number         0  stubs.o ABSOLUTE
    _printf_g                                0x00000000   Number         0  stubs.o ABSOLUTE
    _printf_i                                0x00000000   Number         0  stubs.o ABSOLUTE
    _printf_int_dec                          0x00000000   Number         0  stubs.o ABSOLUTE
    _printf_l                                0x00000000   Number         0  stubs.o ABSOLUTE
    _printf_lc                               0x00000000   Number         0  stubs.o ABSOLUTE
    _printf_ll                               0x00000000   Number         0  stubs.o ABSOLUTE
    _printf_lld                              0x00000000   Number         0  stubs.o ABSOLUTE
    _printf_lli                              0x00000000   Number         0  stubs.o ABSOLUTE
    _printf_llo                              0x00000000   Number         0  stubs.o ABSOLUTE
    _printf_llu                              0x00000000   Number         0  stubs.o ABSOLUTE
    _printf_llx                              0x00000000   Number         0  stubs.o ABSOLUTE
    _printf_longlong_dec                     0x00000000   Number         0  stubs.o ABSOLUTE
    _printf_longlong_hex                     0x00000000   Number         0  stubs.o ABSOLUTE
    _printf_longlong_oct                     0x00000000   Number         0  stubs.o ABSOLUTE
    _printf_ls                               0x00000000   Number         0  stubs.o ABSOLUTE
    _printf_mbtowc                           0x00000000   Number         0  stubs.o ABSOLUTE
    _printf_n                                0x00000000   Number         0  stubs.o ABSOLUTE
    _printf_o                                0x00000000   Number         0  stubs.o ABSOLUTE
    _printf_p                                0x00000000   Number         0  stubs.o ABSOLUTE
    _printf_percent                          0x00000000   Number         0  stubs.o ABSOLUTE
    _printf_pre_padding                      0x00000000   Number         0  stubs.o ABSOLUTE
    _printf_return_value                     0x00000000   Number         0  stubs.o ABSOLUTE
    _printf_s                                0x00000000   Number         0  stubs.o ABSOLUTE
    _printf_sizespec                         0x00000000   Number         0  stubs.o ABSOLUTE
    _printf_str                              0x00000000   Number         0  stubs.o ABSOLUTE
    _printf_truncate_signed                  0x00000000   Number         0  stubs.o ABSOLUTE
    _printf_truncate_unsigned                0x00000000   Number         0  stubs.o ABSOLUTE
    _printf_u                                0x00000000   Number         0  stubs.o ABSOLUTE
    _printf_wc                               0x00000000   Number         0  stubs.o ABSOLUTE
    _printf_wctomb                           0x00000000   Number         0  stubs.o ABSOLUTE
    _printf_widthprec                        0x00000000   Number         0  stubs.o ABSOLUTE
    _printf_x                                0x00000000   Number         0  stubs.o ABSOLUTE
    __cpp_initialize__aeabi_                  - Undefined Weak Reference
    __cxa_finalize                            - Undefined Weak Reference
    __decompress                              - Undefined Weak Reference
    _clock_init                               - Undefined Weak Reference
    _microlib_exit                            - Undefined Weak Reference
    __main                                   0x000000cd   Thumb Code     0  entry.o(.ARM.Collect$$$$00000000)
    _main_stk                                0x000000cd   Thumb Code     0  entry2.o(.ARM.Collect$$$$00000001)
    _main_scatterload                        0x000000d1   Thumb Code     0  entry5.o(.ARM.Collect$$$$00000004)
    __main_after_scatterload                 0x000000d5   Thumb Code     0  entry5.o(.ARM.Collect$$$$00000004)
    _main_clock                              0x000000d5   Thumb Code     0  entry7b.o(.ARM.Collect$$$$00000008)
    _main_cpp_init                           0x000000d5   Thumb Code     0  entry8b.o(.ARM.Collect$$$$0000000A)
    _main_init                               0x000000d5   Thumb Code     0  entry9a.o(.ARM.Collect$$$$0000000B)
    __rt_final_cpp                           0x000000dd   Thumb Code     0  entry10a.o(.ARM.Collect$$$$0000000D)
    __rt_final_exit                          0x000000dd   Thumb Code     0  entry11a.o(.ARM.Collect$$$$0000000F)
    Reset_Handler                            0x000000e1   Thumb Code     8  startup_lpc17xx.o(.text)
    NMI_Handler                              0x000000e9   Thumb Code     2  startup_lpc17xx.o(.text)
    HardFault_Handler                        0x000000eb   Thumb Code     2  startup_lpc17xx.o(.text)
    MemManage_Handler                        0x000000ed   Thumb Code     2  startup_lpc17xx.o(.text)
    BusFault_Handler                         0x000000ef   Thumb Code     2  startup_lpc17xx.o(.text)
    UsageFault_Handler                       0x000000f1   Thumb Code     2  startup_lpc17xx.o(.text)
    SVC_Handler                              0x000000f3   Thumb Code     2  startup_lpc17xx.o(.text)
    DebugMon_Handler                         0x000000f5   Thumb Code     2  startup_lpc17xx.o(.text)
    PendSV_Handler                           0x000000f7   Thumb Code     2  startup_lpc17xx.o(.text)
    ADC_IRQHandler                           0x000000fb   Thumb Code     0  startup_lpc17xx.o(.text)
    BOD_IRQHandler                           0x000000fb   Thumb Code     0  startup_lpc17xx.o(.text)
    CANActivity_IRQHandler                   0x000000fb   Thumb Code     0  startup_lpc17xx.o(.text)
    CAN_IRQHandler                           0x000000fb   Thumb Code     0  startup_lpc17xx.o(.text)
    DMA_IRQHandler                           0x000000fb   Thumb Code     0  startup_lpc17xx.o(.text)
    EINT0_IRQHandler                         0x000000fb   Thumb Code     0  startup_lpc17xx.o(.text)
    EINT1_IRQHandler                         0x000000fb   Thumb Code     0  startup_lpc17xx.o(.text)
    EINT2_IRQHandler                         0x000000fb   Thumb Code     0  startup_lpc17xx.o(.text)
    EINT3_IRQHandler                         0x000000fb   Thumb Code     0  startup_lpc17xx.o(.text)
    ENET_IRQHandler                          0x000000fb   Thumb Code     0  startup_lpc17xx.o(.text)
    I2C0_IRQHandler                          0x000000fb   Thumb Code     0  startup_lpc17xx.o(.text)
    I2C1_IRQHandler                          0x000000fb   Thumb Code     0  startup_lpc17xx.o(.text)
    I2C2_IRQHandler                          0x000000fb   Thumb Code     0  startup_lpc17xx.o(.text)
    I2S_IRQHandler                           0x000000fb   Thumb Code     0  startup_lpc17xx.o(.text)
    MCPWM_IRQHandler                         0x000000fb   Thumb Code     0  startup_lpc17xx.o(.text)
    PLL0_IRQHandler                          0x000000fb   Thumb Code     0  startup_lpc17xx.o(.text)
    PLL1_IRQHandler                          0x000000fb   Thumb Code     0  startup_lpc17xx.o(.text)
    PWM1_IRQHandler                          0x000000fb   Thumb Code     0  startup_lpc17xx.o(.text)
    QEI_IRQHandler                           0x000000fb   Thumb Code     0  startup_lpc17xx.o(.text)
    RIT_IRQHandler                           0x000000fb   Thumb Code     0  startup_lpc17xx.o(.text)
    RTC_IRQHandler                           0x000000fb   Thumb Code     0  startup_lpc17xx.o(.text)
    SPI_IRQHandler                           0x000000fb   Thumb Code     0  startup_lpc17xx.o(.text)
    SSP0_IRQHandler                          0x000000fb   Thumb Code     0  startup_lpc17xx.o(.text)
    SSP1_IRQHandler                          0x000000fb   Thumb Code     0  startup_lpc17xx.o(.text)
    TIMER1_IRQHandler                        0x000000fb   Thumb Code     0  startup_lpc17xx.o(.text)
    TIMER2_IRQHandler                        0x000000fb   Thumb Code     0  startup_lpc17xx.o(.text)
    TIMER3_IRQHandler                        0x000000fb   Thumb Code     0  startup_lpc17xx.o(.text)
    UART0_IRQHandler                         0x000000fb   Thumb Code     0  startup_lpc17xx.o(.text)
    UART1_IRQHandler                         0x000000fb   Thumb Code     0  startup_lpc17xx.o(.text)
    UART2_IRQHandler                         0x000000fb   Thumb Code     0  startup_lpc17xx.o(.text)
    UART3_IRQHandler                         0x000000fb   Thumb Code     0  startup_lpc17xx.o(.text)
    USBActivity_IRQHandler                   0x000000fb   Thumb Code     0  startup_lpc17xx.o(.text)
    WDT_IRQHandler                           0x000000fb   Thumb Code     0  startup_lpc17xx.o(.text)
    SysTick_Handler                          0x00000105   Thumb Code    52  irq.o(.text)
    LED_Init                                 0x0000013d   Thumb Code    32  led.o(.text)
    LED_On                                   0x0000015d   Thumb Code    28  led.o(.text)
    LED_Off                                  0x00000179   Thumb Code    28  led.o(.text)
    LED_Out                                  0x00000195   Thumb Code    36  led.o(.text)
    USB_Reset_Event                          0x000001c5   Thumb Code     4  usbuser.o(.text)
    USB_SOF_Event                            0x000001c9   Thumb Code     2  usbuser.o(.text)
    USB_EndPoint1                            0x000001cb   Thumb Code     2  usbuser.o(.text)
    USB_EndPoint2                            0x000001cd   Thumb Code     2  usbuser.o(.text)
    USB_EndPoint3                            0x000001cf   Thumb Code   118  usbuser.o(.text)
    USB_EndPoint4                            0x00000245   Thumb Code     2  usbuser.o(.text)
    USB_EndPoint5                            0x00000247   Thumb Code     2  usbuser.o(.text)
    USB_EndPoint6                            0x00000249   Thumb Code     2  usbuser.o(.text)
    USB_EndPoint7                            0x0000024b   Thumb Code     2  usbuser.o(.text)
    USB_EndPoint8                            0x0000024d   Thumb Code     2  usbuser.o(.text)
    USB_EndPoint9                            0x0000024f   Thumb Code     2  usbuser.o(.text)
    USB_EndPoint10                           0x00000251   Thumb Code     2  usbuser.o(.text)
    USB_EndPoint11                           0x00000253   Thumb Code     2  usbuser.o(.text)
    USB_EndPoint12                           0x00000255   Thumb Code     2  usbuser.o(.text)
    USB_EndPoint13                           0x00000257   Thumb Code     2  usbuser.o(.text)
    USB_EndPoint14                           0x00000259   Thumb Code     2  usbuser.o(.text)
    USB_EndPoint15                           0x0000025b   Thumb Code     2  usbuser.o(.text)
    KBD_Init                                 0x00000271   Thumb Code    34  kbd.o(.text)
    KBD_get                                  0x00000293   Thumb Code    12  kbd.o(.text)
    get_button                               0x0000029f   Thumb Code    14  kbd.o(.text)
    rand                                     0x000002bd   Thumb Code    20  rand.o(.text)
    srand                                    0x000002d1   Thumb Code     6  rand.o(.text)
    __scatterload_copy                       0x000002e1   Thumb Code    14  handlers.o(i.__scatterload_copy)
    __scatterload_null                       0x000002ef   Thumb Code     2  handlers.o(i.__scatterload_null)
    SystemCoreClockUpdate                    0x00000301   Thumb Code   184  system_lpc17xx.o(.text)
    SystemInit                               0x000003b9   Thumb Code   196  system_lpc17xx.o(.text)
    SystemClockUpdate                        0x0000047d   Thumb Code   182  system_lpc17xx.o(.text)
    main_menu                                0x00000555   Thumb Code   362  blinky.o(.text)
    main                                     0x000006bf   Thumb Code    20  blinky.o(.text)
    GLCD_Init                                0x000007cb   Thumb Code  1478  glcd_spi_lpc1700.o(.text)
    GLCD_SetWindow                           0x00000d91   Thumb Code   148  glcd_spi_lpc1700.o(.text)
    GLCD_WindowMax                           0x00000e25   Thumb Code    12  glcd_spi_lpc1700.o(.text)
    GLCD_PutPixel                            0x00000e31   Thumb Code   118  glcd_spi_lpc1700.o(.text)
    GLCD_SetTextColor                        0x00000ea7   Thumb Code     8  glcd_spi_lpc1700.o(.text)
    GLCD_SetBackColor                        0x00000eaf   Thumb Code     8  glcd_spi_lpc1700.o(.text)
    GLCD_Clear                               0x00000eb7   Thumb Code    44  glcd_spi_lpc1700.o(.text)
    GLCD_DrawChar                            0x00000ee3   Thumb Code   140  glcd_spi_lpc1700.o(.text)
    GLCD_DisplayChar                         0x00000f6f   Thumb Code    66  glcd_spi_lpc1700.o(.text)
    GLCD_DisplayString                       0x00000fb1   Thumb Code    36  glcd_spi_lpc1700.o(.text)
    GLCD_ClearLn                             0x00000fd5   Thumb Code    72  glcd_spi_lpc1700.o(.text)
    GLCD_Bargraph                            0x0000101d   Thumb Code    84  glcd_spi_lpc1700.o(.text)
    GLCD_Bitmap                              0x00001071   Thumb Code    64  glcd_spi_lpc1700.o(.text)
    GLCD_ScrollVertical                      0x000010b1   Thumb Code     2  glcd_spi_lpc1700.o(.text)
    GLCD_WrCmd                               0x000010b3   Thumb Code     4  glcd_spi_lpc1700.o(.text)
    GLCD_WrReg                               0x000010b7   Thumb Code     4  glcd_spi_lpc1700.o(.text)
    USB_ResetCore                            0x000011c1   Thumb Code    22  usbcore.o(.text)
    USB_SetupStage                           0x000011d7   Thumb Code    10  usbcore.o(.text)
    USB_DataInStage                          0x000011e1   Thumb Code    36  usbcore.o(.text)
    USB_DataOutStage                         0x00001205   Thumb Code    28  usbcore.o(.text)
    USB_StatusInStage                        0x00001221   Thumb Code    10  usbcore.o(.text)
    USB_StatusOutStage                       0x0000122b   Thumb Code     8  usbcore.o(.text)
    USB_EndPoint0                            0x00001233   Thumb Code   450  usbcore.o(.text)
    get_potval                               0x000013fd   Thumb Code    44  usbdmain.o(.text)
    TIMER0_IRQHandler                        0x00001429   Thumb Code   186  usbdmain.o(.text)
    mp3_player                               0x000014e3   Thumb Code   198  usbdmain.o(.text)
    EPAdr                                    0x00001621   Thumb Code    14  usbhw.o(.text)
    WrCmd                                    0x0000162f   Thumb Code    24  usbhw.o(.text)
    WrCmdDat                                 0x00001647   Thumb Code    40  usbhw.o(.text)
    WrCmdEP                                  0x0000166f   Thumb Code    56  usbhw.o(.text)
    RdCmdDat                                 0x000016a7   Thumb Code    28  usbhw.o(.text)
    USB_SetAddress                           0x000016c3   Thumb Code    28  usbhw.o(.text)
    USB_Reset                                0x000016df   Thumb Code   126  usbhw.o(.text)
    USB_Init                                 0x0000175d   Thumb Code   104  usbhw.o(.text)
    USB_Connect                              0x000017c5   Thumb Code    16  usbhw.o(.text)
    USB_Suspend                              0x000017d5   Thumb Code     2  usbhw.o(.text)
    USB_Resume                               0x000017d7   Thumb Code     2  usbhw.o(.text)
    USB_WakeUp                               0x000017d9   Thumb Code    16  usbhw.o(.text)
    USB_WakeUpCfg                            0x000017e9   Thumb Code     2  usbhw.o(.text)
    USB_Configure                            0x000017eb   Thumb Code    44  usbhw.o(.text)
    USB_ConfigEP                             0x00001817   Thumb Code    56  usbhw.o(.text)
    USB_DirCtrlEP                            0x0000184f   Thumb Code     2  usbhw.o(.text)
    USB_EnableEP                             0x00001851   Thumb Code    20  usbhw.o(.text)
    USB_DisableEP                            0x00001865   Thumb Code    20  usbhw.o(.text)
    USB_ResetEP                              0x00001879   Thumb Code    20  usbhw.o(.text)
    USB_SetStallEP                           0x0000188d   Thumb Code    20  usbhw.o(.text)
    USB_ClrStallEP                           0x000018a1   Thumb Code    20  usbhw.o(.text)
    USB_ClearEPBuf                           0x000018b5   Thumb Code     4  usbhw.o(.text)
    USB_ReadEP                               0x000018b9   Thumb Code    82  usbhw.o(.text)
    USB_WriteEP                              0x0000190b   Thumb Code    68  usbhw.o(.text)
    USB_DMA_Setup                            0x0000194f   Thumb Code   306  usbhw.o(.text)
    USB_DMA_Enable                           0x00001a81   Thumb Code    18  usbhw.o(.text)
    USB_DMA_Disable                          0x00001a93   Thumb Code    18  usbhw.o(.text)
    USB_DMA_Status                           0x00001aa5   Thumb Code    70  usbhw.o(.text)
    USB_DMA_BufAdr                           0x00001aeb   Thumb Code    24  usbhw.o(.text)
    USB_DMA_BufCnt                           0x00001b03   Thumb Code    26  usbhw.o(.text)
    USB_GetFrame                             0x00001b1d   Thumb Code    30  usbhw.o(.text)
    USB_IRQHandler                           0x00001b3b   Thumb Code   356  usbhw.o(.text)
    ADC_IF_GetRequest                        0x00001cbd   Thumb Code    88  adcuser.o(.text)
    ADC_IF_SetRequest                        0x00001d15   Thumb Code    60  adcuser.o(.text)
    ADC_EP_GetRequest                        0x00001d51   Thumb Code     4  adcuser.o(.text)
    ADC_EP_SetRequest                        0x00001d55   Thumb Code     4  adcuser.o(.text)
    image_delay                              0x00001d69   Thumb Code    18  gallery.o(.text)
    gallery                                  0x00001d7b   Thumb Code   146  gallery.o(.text)
    delay                                    0x00001e65   Thumb Code    28  highway_dodge.o(.text)
    game                                     0x00001e81   Thumb Code   408  highway_dodge.o(.text)
    game_over                                0x00002019   Thumb Code   224  highway_dodge.o(.text)
    highway_dodge                            0x000020f9   Thumb Code    18  highway_dodge.o(.text)
    grid_hunter                              0x000025b7   Thumb Code    18  grid_hunter.o(.text)
    game_menu                                0x00002771   Thumb Code   318  game_menu.o(.text)
    restart_game_menu                        0x000028af   Thumb Code    12  game_menu.o(.text)
    __aeabi_uldivmod                         0x0000292d   Thumb Code    98  uldiv.o(.text)
    __aeabi_uidiv                            0x0000298f   Thumb Code     0  uidiv.o(.text)
    __aeabi_uidivmod                         0x0000298f   Thumb Code    44  uidiv.o(.text)
    __aeabi_llsl                             0x000029bb   Thumb Code    30  llshl.o(.text)
    _ll_shift_l                              0x000029bb   Thumb Code     0  llshl.o(.text)
    __aeabi_llsr                             0x000029d9   Thumb Code    32  llushr.o(.text)
    _ll_ushift_r                             0x000029d9   Thumb Code     0  llushr.o(.text)
    __scatterload                            0x000029f9   Thumb Code    28  init.o(.text)
    __scatterload_rt2                        0x000029f9   Thumb Code     0  init.o(.text)
    USB_ReqGetDescriptor                     0x00002a1d   Thumb Code   118  usbcore.o(i.USB_ReqGetDescriptor)
    USB_ReqGetStatus                         0x00002aa5   Thumb Code   116  usbcore.o(i.USB_ReqGetStatus)
    USB_ReqSetClrFeature                     0x00002b21   Thumb Code   146  usbcore.o(i.USB_ReqSetClrFeature)
    USB_ReqSetConfiguration                  0x00002bb9   Thumb Code   344  usbcore.o(i.USB_ReqSetConfiguration)
    USB_ReqSetInterface                      0x00002d19   Thumb Code   248  usbcore.o(i.USB_ReqSetInterface)
    __0sprintf$6                             0x00002e19   Thumb Code    34  printf6.o(i.__0sprintf$6)
    __1sprintf$6                             0x00002e19   Thumb Code     0  printf6.o(i.__0sprintf$6)
    __2sprintf                               0x00002e19   Thumb Code     0  printf6.o(i.__0sprintf$6)
    __scatterload_zeroinit                   0x00002e41   Thumb Code    14  handlers.o(i.__scatterload_zeroinit)
    Font_6x8_h                               0x00003192   Data         896  glcd_spi_lpc1700.o(.constdata)
    Font_16x24_h                             0x00003512   Data        5376  glcd_spi_lpc1700.o(.constdata)
    led_mask                                 0x00004a14   Data          32  led.o(.constdata)
    USB_DeviceDescriptor                     0x00004a34   Data          18  usbdesc.o(.constdata)
    USB_ConfigDescriptor                     0x00004a46   Data         110  usbdesc.o(.constdata)
    USB_StringDescriptor                     0x00004ab4   Data         100  usbdesc.o(.constdata)
    DDAdr                                    0x0001dbe4   Data           8  usbhw.o(.constdata)
    DDSz                                     0x0001dbec   Data           8  usbhw.o(.constdata)
    USB_P_EP                                 0x0001dbf4   Data          64  usbuser.o(.constdata)
    SUPER_MARIO_pixel_data                   0x0001dc40   Data       25001  super_mario.o(.constdata)
    SONIC_pixel_data                         0x00023de9   Data       25001  sonic.o(.constdata)
    STEVE_pixel_data                         0x00029f92   Data       25001  steve.o(.constdata)
    Region$$Table$$Base                      0x0003013c   Number         0  anon$$obj.o(Region$$Table)
    Region$$Table$$Limit                     0x0003016c   Number         0  anon$$obj.o(Region$$Table)
    __initial_sp                             0x10000200   Data           0  startup_lpc17xx.o(STACK)
    SystemCoreClock                          0x2007c000   Data           4  system_lpc17xx.o(.data)
    SystemFrequency                          0x2007c004   Data           4  system_lpc17xx.o(.data)
    ClockLEDOn                               0x2007c008   Data           1  irq.o(.data)
    ClockLEDOff                              0x2007c009   Data           1  irq.o(.data)
    ClockANI                                 0x2007c00a   Data           1  irq.o(.data)
    ticks                                    0x2007c00c   Data           4  irq.o(.data)
    USB_DeviceAddress                        0x2007c018   Data           1  usbcore.o(.data)
    USB_Configuration                        0x2007c019   Data           1  usbcore.o(.data)
    USB_NumInterfaces                        0x2007c01a   Data           1  usbcore.o(.data)
    USB_DeviceStatus                         0x2007c01c   Data           2  usbcore.o(.data)
    USB_EndPointMask                         0x2007c020   Data           4  usbcore.o(.data)
    USB_EndPointHalt                         0x2007c024   Data           4  usbcore.o(.data)
    USB_EndPointStall                        0x2007c028   Data           4  usbcore.o(.data)
    USB_AltSetting                           0x2007c02c   Data           4  usbcore.o(.data)
    EP0Data                                  0x2007c030   Data           8  usbcore.o(.data)
    SetupPacket                              0x2007c038   Data           8  usbcore.o(.data)
    InfoBuf                                  0x2007c040   Data           4  usbdmain.o(.data)
    Mute                                     0x2007c044   Data           1  usbdmain.o(.data)
    DataRun                                  0x2007c045   Data           1  usbdmain.o(.data)
    DataOut                                  0x2007c046   Data           2  usbdmain.o(.data)
    DataIn                                   0x2007c048   Data           2  usbdmain.o(.data)
    PotVal                                   0x2007c04a   Data           2  usbdmain.o(.data)
    DataBuf                                  0x2007c04c   Data           4  usbdmain.o(.data)
    loop_audio                               0x2007c050   Data           4  usbdmain.o(.data)
    Volume                                   0x2007c054   Data           4  usbdmain.o(.data)
    VUM                                      0x2007c058   Data           4  usbdmain.o(.data)
    Tick                                     0x2007c05c   Data           4  usbdmain.o(.data)
    DDMemMap                                 0x2007c060   Data           8  usbhw.o(.data)
    VolCur                                   0x2007c068   Data           2  adcuser.o(.data)
    EP0Buf                                   0x2007c070   Data          64  usbcore.o(.bss)
    udca                                     0x2007c0b0   Data         128  usbhw.o(.bss)
    UDCA                                     0x2007c130   Data         128  usbhw.o(USB_RAM)



==============================================================================

Memory Map of the image

  Image Entry point : 0x000000cd

  Load Region LR_IROM1 (Base: 0x00000000, Size: 0x000301dc, Max: 0x00080000, ABSOLUTE)

    Execution Region ER_IROM1 (Exec base: 0x00000000, Load base: 0x00000000, Size: 0x0003016c, Max: 0x00080000, ABSOLUTE)

    Exec Addr    Load Addr    Size         Type   Attr      Idx    E Section Name        Object

    0x00000000   0x00000000   0x000000cc   Data   RO            3    RESET               startup_lpc17xx.o
    0x000000cc   0x000000cc   0x00000000   Code   RO          472  * .ARM.Collect$$$$00000000  mc_w.l(entry.o)
    0x000000cc   0x000000cc   0x00000004   Code   RO          741    .ARM.Collect$$$$00000001  mc_w.l(entry2.o)
    0x000000d0   0x000000d0   0x00000004   Code   RO          744    .ARM.Collect$$$$00000004  mc_w.l(entry5.o)
    0x000000d4   0x000000d4   0x00000000   Code   RO          746    .ARM.Collect$$$$00000008  mc_w.l(entry7b.o)
    0x000000d4   0x000000d4   0x00000000   Code   RO          748    .ARM.Collect$$$$0000000A  mc_w.l(entry8b.o)
    0x000000d4   0x000000d4   0x00000008   Code   RO          749    .ARM.Collect$$$$0000000B  mc_w.l(entry9a.o)
    0x000000dc   0x000000dc   0x00000000   Code   RO          751    .ARM.Collect$$$$0000000D  mc_w.l(entry10a.o)
    0x000000dc   0x000000dc   0x00000000   Code   RO          753    .ARM.Collect$$$$0000000F  mc_w.l(entry11a.o)
    0x000000dc   0x000000dc   0x00000004   Code   RO          742    .ARM.Collect$$$$00002712  mc_w.l(entry2.o)
    0x000000e0   0x000000e0   0x00000024   Code   RO            5    .text               startup_lpc17xx.o
    0x00000104   0x00000104   0x00000038   Code   RO           86    .text               irq.o
    0x0000013c   0x0000013c   0x00000088   Code   RO          127    .text               led.o
    0x000001c4   0x000001c4   0x000000ac   Code   RO          318    .text               usbuser.o
    0x00000270   0x00000270   0x0000004c   Code   RO          362    .text               kbd.o
    0x000002bc   0x000002bc   0x00000024   Code   RO          477    .text               mc_w.l(rand.o)
    0x000002e0   0x000002e0   0x0000000e   Code   RO          785    i.__scatterload_copy  mc_w.l(handlers.o)
    0x000002ee   0x000002ee   0x00000002   Code   RO          786    i.__scatterload_null  mc_w.l(handlers.o)
    0x000002f0   0x000002f0   0x0000000a   Code   RO          646    i._sputc            mc_w.l(printf6.o)
    0x000002fa   0x000002fa   0x00000002   PAD
    0x000002fc   0x000002fc   0x00000004   Code   RO            4    .ARM.__at_0x02FC    startup_lpc17xx.o
    0x00000300   0x00000300   0x00000254   Code   RO           13    .text               system_lpc17xx.o
    0x00000554   0x00000554   0x0000020c   Code   RO           51    .text               blinky.o
    0x00000760   0x00000760   0x00000a60   Code   RO           98    .text               glcd_spi_lpc1700.o
    0x000011c0   0x000011c0   0x0000023c   Code   RO          153    .text               usbcore.o
    0x000013fc   0x000013fc   0x00000224   Code   RO          256    .text               usbdmain.o
    0x00001620   0x00001620   0x0000069c   Code   RO          291    .text               usbhw.o
    0x00001cbc   0x00001cbc   0x000000ac   Code   RO          340    .text               adcuser.o
    0x00001d68   0x00001d68   0x000000fc   Code   RO          381    .text               gallery.o
    0x00001e64   0x00001e64   0x000003c4   Code   RO          394    .text               highway_dodge.o
    0x00002228   0x00002228   0x00000548   Code   RO          415    .text               grid_hunter.o
    0x00002770   0x00002770   0x000001bc   Code   RO          427    .text               game_menu.o
    0x0000292c   0x0000292c   0x00000062   Code   RO          475    .text               mc_w.l(uldiv.o)
    0x0000298e   0x0000298e   0x0000002c   Code   RO          758    .text               mc_w.l(uidiv.o)
    0x000029ba   0x000029ba   0x0000001e   Code   RO          760    .text               mc_w.l(llshl.o)
    0x000029d8   0x000029d8   0x00000020   Code   RO          762    .text               mc_w.l(llushr.o)
    0x000029f8   0x000029f8   0x00000024   Code   RO          775    .text               mc_w.l(init.o)
    0x00002a1c   0x00002a1c   0x00000088   Code   RO          189    i.USB_ReqGetDescriptor  usbcore.o
    0x00002aa4   0x00002aa4   0x0000007c   Code   RO          184    i.USB_ReqGetStatus  usbcore.o
    0x00002b20   0x00002b20   0x00000098   Code   RO          166    i.USB_ReqSetClrFeature  usbcore.o
    0x00002bb8   0x00002bb8   0x00000160   Code   RO          172    i.USB_ReqSetConfiguration  usbcore.o
    0x00002d18   0x00002d18   0x00000100   Code   RO          178    i.USB_ReqSetInterface  usbcore.o
    0x00002e18   0x00002e18   0x00000028   Code   RO          637    i.__0sprintf$6      mc_w.l(printf6.o)
    0x00002e40   0x00002e40   0x0000000e   Code   RO          787    i.__scatterload_zeroinit  mc_w.l(handlers.o)
    0x00002e4e   0x00002e4e   0x00000002   PAD
    0x00002e50   0x00002e50   0x000002f0   Code   RO          642    i._printf_core      mc_w.l(printf6.o)
    0x00003140   0x00003140   0x00000024   Code   RO          643    i._printf_post_padding  mc_w.l(printf6.o)
    0x00003164   0x00003164   0x0000002e   Code   RO          644    i._printf_pre_padding  mc_w.l(printf6.o)
    0x00003192   0x00003192   0x00001880   Data   RO           99    .constdata          glcd_spi_lpc1700.o
    0x00004a12   0x00004a12   0x00000002   PAD
    0x00004a14   0x00004a14   0x00000020   Data   RO          128    .constdata          led.o
    0x00004a34   0x00004a34   0x00000012   Data   RO          242    .constdata          usbdesc.o
    0x00004a46   0x00004a46   0x0000006e   Data   RO          243    .constdata          usbdesc.o
    0x00004ab4   0x00004ab4   0x00000064   Data   RO          244    .constdata          usbdesc.o
    0x00004b18   0x00004b18   0x000190c9   Data   RO          257    .constdata          usbdmain.o
    0x0001dbe1   0x0001dbe1   0x00000003   PAD
    0x0001dbe4   0x0001dbe4   0x00000010   Data   RO          293    .constdata          usbhw.o
    0x0001dbf4   0x0001dbf4   0x00000040   Data   RO          319    .constdata          usbuser.o
    0x0001dc34   0x0001dc34   0x0000000c   Data   RO          395    .constdata          highway_dodge.o
    0x0001dc40   0x0001dc40   0x000061a9   Data   RO          445    .constdata          super_mario.o
    0x00023de9   0x00023de9   0x000061a9   Data   RO          454    .constdata          sonic.o
    0x00029f92   0x00029f92   0x000061a9   Data   RO          463    .constdata          steve.o
    0x0003013b   0x0003013b   0x00000001   PAD
    0x0003013c   0x0003013c   0x00000030   Data   RO          783    Region$$Table       anon$$obj.o


    Execution Region RW_IRAM1 (Exec base: 0x10000000, Load base: 0x0003016c, Size: 0x00000200, Max: 0x00008000, ABSOLUTE)

    Exec Addr    Load Addr    Size         Type   Attr      Idx    E Section Name        Object

    0x10000000        -       0x00000200   Zero   RW            1    STACK               startup_lpc17xx.o


    Execution Region RW_IRAM2 (Exec base: 0x2007c000, Load base: 0x0003016c, Size: 0x000001b0, Max: 0x00008000, ABSOLUTE)

    Exec Addr    Load Addr    Size         Type   Attr      Idx    E Section Name        Object

    0x2007c000   0x0003016c   0x00000008   Data   RW           14    .data               system_lpc17xx.o
    0x2007c008   0x00030174   0x00000008   Data   RW           87    .data               irq.o
    0x2007c010   0x0003017c   0x00000006   Data   RW          100    .data               glcd_spi_lpc1700.o
    0x2007c016   0x00030182   0x00000002   PAD
    0x2007c018   0x00030184   0x00000028   Data   RW          155    .data               usbcore.o
    0x2007c040   0x000301ac   0x00000004   Data   RW          258    .data               usbdmain.o
    0x2007c044   0x000301b0   0x0000001c   Data   RW          259    .data               usbdmain.o
    0x2007c060   0x000301cc   0x00000008   Data   RW          294    .data               usbhw.o
    0x2007c068   0x000301d4   0x00000002   Data   RW          344    .data               adcuser.o
    0x2007c06a   0x000301d6   0x00000002   PAD
    0x2007c06c   0x000301d8   0x00000004   Data   RW          478    .data               mc_w.l(rand.o)
    0x2007c070        -       0x00000040   Zero   RW          154    .bss                usbcore.o
    0x2007c0b0        -       0x00000080   Zero   RW          292    .bss                usbhw.o
    0x2007c130        -       0x00000080   Zero   RW          295    USB_RAM             usbhw.o


==============================================================================

Image component sizes


      Code (inc. data)   RO Data    RW Data    ZI Data      Debug   Object Name

       172         16          0          2          0       1676   adcuser.o
       524        142          0          0          0        957   blinky.o
       252         88          0          0          0       1445   gallery.o
       444        114          0          0          0        922   game_menu.o
      2656         46       6272          6          0       9402   glcd_spi_lpc1700.o
      1352        264          0          0          0       4270   grid_hunter.o
       964        180         12          0          0       3175   highway_dodge.o
        56          4          0          8          0        742   irq.o
        76         16          0          0          0        980   kbd.o
       136         12         32          0          0       1535   led.o
         0          0      25001          0          0        571   sonic.o
        40         12        204          0        512        976   startup_lpc17xx.o
         0          0      25001          0          0        571   steve.o
         0          0      25001          0          0        629   super_mario.o
       596         34          0          8          0      21023   system_lpc17xx.o
      1592         76          0         40         64      14325   usbcore.o
         0          0        228          0          0        657   usbdesc.o
       548         98     102601         32          0       7558   usbdmain.o
      1692        124         16          8        256      13469   usbhw.o
       172         20         64          0          0       2935   usbuser.o

    ----------------------------------------------------------------------
     11272       1246     184486        108        832      87818   Object Totals
         0          0         48          0          0          0   (incl. Generated)
         0          0          6          4          0          0   (incl. Padding)

    ----------------------------------------------------------------------

      Code (inc. data)   RO Data    RW Data    ZI Data      Debug   Library Member Name

         0          0          0          0          0          0   entry.o
         0          0          0          0          0          0   entry10a.o
         0          0          0          0          0          0   entry11a.o
         8          4          0          0          0          0   entry2.o
         4          0          0          0          0          0   entry5.o
         0          0          0          0          0          0   entry7b.o
         0          0          0          0          0          0   entry8b.o
         8          4          0          0          0          0   entry9a.o
        30          0          0          0          0          0   handlers.o
        36          8          0          0          0         68   init.o
        30          0          0          0          0         68   llshl.o
        32          0          0          0          0         68   llushr.o
       884         10          0          0          0        420   printf6.o
        36         10          0          4          0        136   rand.o
        44          0          0          0          0         80   uidiv.o
        98          0          0          0          0         92   uldiv.o

    ----------------------------------------------------------------------
      1214         36          0          4          0        932   Library Totals
         4          0          0          0          0          0   (incl. Padding)

    ----------------------------------------------------------------------

      Code (inc. data)   RO Data    RW Data    ZI Data      Debug   Library Name

      1210         36          0          4          0        932   mc_w.l

    ----------------------------------------------------------------------
      1214         36          0          4          0        932   Library Totals

    ----------------------------------------------------------------------

==============================================================================


      Code (inc. data)   RO Data    RW Data    ZI Data      Debug   

     12486       1282     184486        112        832      86666   Grand Totals
     12486       1282     184486        112        832      86666   ELF Image Totals
     12486       1282     184486        112          0          0   ROM Totals

==============================================================================

    Total RO  Size (Code + RO Data)               196972 ( 192.36kB)
    Total RW  Size (RW Data + ZI Data)               944 (   0.92kB)
    Total ROM Size (Code + RO Data + RW Data)     197084 ( 192.46kB)

==============================================================================

